// Jest Snapshot v1, https://goo.gl/fbAQLP

exports[`command code emitter should emit a command with a comment 1`] = `"        test step"`;

exports[`command code emitter should emit a command without comment 1`] = `undefined`;

exports[`command code emitter should emit new window handling, if command opens a new window 1`] = `undefined`;
